
[1m[30m[46m RUN [49m[39m[22m [36mv4.1.5 [39m[90m/Users/francescoascenzi/Documents/dev/pagopa/itw-conformance-tool/apps/cli[39m

 [32m✓[39m [30m[43m itw-conformance-cli [49m[39m src/tests/init.test.ts [2m([22m[2m0 test[22m[2m)[22m[32m 0[2mms[22m[39m
 [32m✓[39m [30m[43m itw-conformance-cli [49m[39m src/tests/services/buildEnv.test.ts [2m([22m[2m4 tests[22m[2m)[22m[32m 3[2mms[22m[39m
 [31m❯[39m [30m[43m itw-conformance-cli [49m[39m src/tests/services/getNxCommands.test.ts [2m([22m[2m5 tests[22m[2m | [22m[31m2 failed[39m[2m)[22m[32m 7[2mms[22m[39m
     [32m✓[39m returns run-many for all services when --all is set[32m 1[2mms[22m[39m
     [32m✓[39m returns run-many when both issuer and rp flags are set[32m 0[2mms[22m[39m
     [32m✓[39m returns run-many when no service flag is provided (default)[32m 0[2mms[22m[39m
[31m     [31m×[31m returns issuer command when only --issuer is set[39m[32m 4[2mms[22m[39m
[31m     [31m×[31m returns rp command when only --rp is set[39m[32m 1[2mms[22m[39m
 [32m✓[39m [30m[43m itw-conformance-cli [49m[39m src/tests/utils/search.test.ts [2m([22m[2m16 tests[22m[2m)[22m[32m 5[2mms[22m[39m
 [31m❯[39m [30m[43m itw-conformance-cli [49m[39m src/tests/services/loadConfigs.test.ts [2m([22m[2m6 tests[22m[2m | [22m[31m6 failed[39m[2m)[22m[32m 5[2mms[22m[39m
[31m       [31m×[31m returns parsed configs when the file exists and parseINI succeeds[39m[32m 3[2mms[22m[39m
[31m       [31m×[31m returns default configs and logs warn when file exists but parseINI fails[39m[32m 0[2mms[22m[39m
[31m       [31m×[31m returns default configs and logs when the file does not exist[39m[32m 0[2mms[22m[39m
[31m       [31m×[31m returns parsed configs when default config.ini exists and parseINI succeeds[39m[32m 0[2mms[22m[39m
[31m       [31m×[31m returns default configs and logs warn when default config.ini exists but parseINI fails[39m[32m 0[2mms[22m[39m
[31m       [31m×[31m returns default configs and logs when default config.ini does not exist[39m[32m 0[2mms[22m[39m
 [32m✓[39m [30m[43m itw-conformance-cli [49m[39m src/tests/utils/prompt.test.ts [2m([22m[2m4 tests[22m[2m)[22m[32m 5[2mms[22m[39m
 [31m❯[39m [30m[43m itw-conformance-cli [49m[39m src/tests/services/parseCLIArgs.test.ts [2m([22m[2m25 tests[22m[2m | [22m[31m25 failed[39m[2m)[22m[32m 7[2mms[22m[39m
[31m       [31m×[31m throws when no arguments are provided[39m[32m 3[2mms[22m[39m
[31m       [31m×[31m calls printHelp and exits for "help"[39m[32m 0[2mms[22m[39m
[31m       [31m×[31m calls printHelp and exits for "--help"[39m[32m 0[2mms[22m[39m
[31m       [31m×[31m calls printHelp and exits for "-h"[39m[32m 0[2mms[22m[39m
[31m       [31m×[31m calls printVersion and exits for "version"[39m[32m 0[2mms[22m[39m
[31m       [31m×[31m calls printVersion and exits for "--version"[39m[32m 0[2mms[22m[39m
[31m       [31m×[31m calls printVersion and exits for "-v"[39m[32m 0[2mms[22m[39m
[31m       [31m×[31m throws for an unrecognized command[39m[32m 0[2mms[22m[39m
[31m       [31m×[31m returns command "init" with default flags[39m[32m 0[2mms[22m[39m
[31m       [31m×[31m sets force flag with --force[39m[32m 0[2mms[22m[39m
[31m       [31m×[31m sets force flag with -f[39m[32m 0[2mms[22m[39m
[31m       [31m×[31m sets config flag with --config <path>[39m[32m 0[2mms[22m[39m
[31m       [31m×[31m sets config flag with --config=<path>[39m[32m 0[2mms[22m[39m
[31m       [31m×[31m sets config flag with -c <path>[39m[32m 0[2mms[22m[39m
[31m       [31m×[31m sets config flag with -c=<path>[39m[32m 0[2mms[22m[39m
[31m       [31m×[31m returns command "start" with default flags[39m[32m 0[2mms[22m[39m
[31m       [31m×[31m sets all flag with --all[39m[32m 0[2mms[22m[39m
[31m       [31m×[31m sets all flag with -a[39m[32m 0[2mms[22m[39m
[31m       [31m×[31m sets issuer flag with --issuer[39m[32m 0[2mms[22m[39m
[31m       [31m×[31m sets rp flag with --rp[39m[32m 0[2mms[22m[39m
[31m       [31m×[31m sets both issuer and rp flags together[39m[32m 0[2mms[22m[39m
[31m       [31m×[31m tokenizes a single "start --all" string[39m[32m 0[2mms[22m[39m
[31m       [31m×[31m tokenizes a single "start --issuer" string[39m[32m 0[2mms[22m[39m
[31m       [31m×[31m tokenizes a single string containing --config with a value[39m[32m 0[2mms[22m[39m
[31m       [31m×[31m tokenizes a single string with --config in quotes[39m[32m 0[2mms[22m[39m

[2m Test Files [22m [1m[31m3 failed[39m[22m[2m | [22m[1m[32m4 passed[39m[22m[90m (7)[39m
[2m      Tests [22m [1m[31m33 failed[39m[22m[2m | [22m[1m[32m27 passed[39m[22m[90m (60)[39m
[2m   Start at [22m 09:31:52
[2m   Duration [22m 289ms[2m (transform 233ms, setup 0ms, import 398ms, tests 33ms, environment 0ms)[22m

undefined
/Users/francescoascenzi/Documents/dev/pagopa/itw-conformance-tool/apps/cli:
 ERR_PNPM_RECURSIVE_EXEC_FIRST_FAIL  Command failed with exit code 1: vitest run
